{
  "assignments": [
    {
      "track": "fake",
      "slug": "one",
      "readme": "# One\n\nThis is one.\n\n* one\n* one again\n\n\n## Source\n\nThe internet. [view source](http://example.com)\n",
      "test_file": "one_test.test",
      "tests": "assert 'one'\n"
    },
    {
      "track": "ruby",
      "slug": "one",
      "readme": "# One\n\nThis is one.\n\n* one\n* one again\n\n\n## Source\n\nThe internet. [view source](http://example.com)\n",
      "test_file": "one_test.rb",
      "tests": "require 'minitest/autorun'\nrequire_relative 'example'\nclass OneTest < Minitest::Test\n  def test_one\n    assert_equal 1, One.value\n  end\nend\n"
    },
    {
      "track": "go",
      "slug": "one",
      "readme": "# One\n\nThis is one.\n\n* one\n* one again\n\n\n## Source\n\nThe internet. [view source](http://example.com)\n",
      "test_file": "one_test.go",
      "tests": "package one\n\nimport \"testing\"\n\nfunc TestOne(t *testing.T) {\n\tif 1 != Uno.Value {\n\t\tt.Errorf(\"Expected Uno.Value to equal 1\")\n\t}\n}\n\n"
    }
  ]
}