{
  "go": [
    {
      "slug": "one",
      "state": "done"
    },
    {
      "slug": "two",
      "state": "pending"
    }
  ],
  "ruby": [
    {
      "slug": "one",
      "state": "hibernating"
    },
    {
      "slug": "two",
      "state": "pending"
    }
  ]
}
