{
  "status": "saved",
  "language": "ruby",
  "exercise": "word-count"
}