[
  {
    "go": "two"
  },
  {
    "ruby": "one"
  },
  {
    "ruby": "two"
  }
]