{
	"ruby" => [{"date"=>"2013-12-01", "nit_count"=>2}, {"date"=>"2013-12-02", "nit_count"=>0}, {"date"=>"2013-12-03", "nit_count"=>0}, {"date"=>"2013-12-04", "nit_count"=>0}, {"date"=>"2013-12-05", "nit_count"=>0}, {"date"=>"2013-12-06", "nit_count"=>0}, {"date"=>"2013-12-07", "nit_count"=>0}, {"date"=>"2013-12-08", "nit_count"=>0}, {"date"=>"2013-12-09", "nit_count"=>0}, {"date"=>"2013-12-10", "nit_count"=>0}, {"date"=>"2013-12-11", "nit_count"=>0}, {"date"=>"2013-12-12", "nit_count"=>0}, {"date"=>"2013-12-13", "nit_count"=>0}, {"date"=>"2013-12-14", "nit_count"=>0}, {"date"=>"2013-12-15", "nit_count"=>0}, {"date"=>"2013-12-16", "nit_count"=>0}, {"date"=>"2013-12-17", "nit_count"=>0}, {"date"=>"2013-12-18", "nit_count"=>0}, {"date"=>"2013-12-19", "nit_count"=>0}, {"date"=>"2013-12-20", "nit_count"=>0}, {"date"=>"2013-12-21", "nit_count"=>0}, {"date"=>"2013-12-22", "nit_count"=>0}, {"date"=>"2013-12-23", "nit_count"=>0}, {"date"=>"2013-12-24", "nit_count"=>0}, {"date"=>"2013-12-25", "nit_count"=>0}, {"date"=>"2013-12-26", "nit_count"=>0}, {"date"=>"2013-12-27", "nit_count"=>0}, {"date"=>"2013-12-28", "nit_count"=>0}, {"date"=>"2013-12-29", "nit_count"=>0}, {"date"=>"2013-12-30", "nit_count"=>0}, {"date"=>"2013-12-31", "nit_count"=>1}]
	"python" => [{"date"=>"2013-12-01", "nit_count"=>0}, {"date"=>"2013-12-02", "nit_count"=>0}, {"date"=>"2013-12-03", "nit_count"=>0}, {"date"=>"2013-12-04", "nit_count"=>0}, {"date"=>"2013-12-05", "nit_count"=>0}, {"date"=>"2013-12-06", "nit_count"=>0}, {"date"=>"2013-12-07", "nit_count"=>0}, {"date"=>"2013-12-08", "nit_count"=>0}, {"date"=>"2013-12-09", "nit_count"=>0}, {"date"=>"2013-12-10", "nit_count"=>0}, {"date"=>"2013-12-11", "nit_count"=>1}, {"date"=>"2013-12-12", "nit_count"=>0}, {"date"=>"2013-12-13", "nit_count"=>0}, {"date"=>"2013-12-14", "nit_count"=>0}, {"date"=>"2013-12-15", "nit_count"=>0}, {"date"=>"2013-12-16", "nit_count"=>0}, {"date"=>"2013-12-17", "nit_count"=>0}, {"date"=>"2013-12-18", "nit_count"=>0}, {"date"=>"2013-12-19", "nit_count"=>0}, {"date"=>"2013-12-20", "nit_count"=>0}, {"date"=>"2013-12-21", "nit_count"=>0}, {"date"=>"2013-12-22", "nit_count"=>0}, {"date"=>"2013-12-23", "nit_count"=>0}, {"date"=>"2013-12-24", "nit_count"=>0}, {"date"=>"2013-12-25", "nit_count"=>0}, {"date"=>"2013-12-26", "nit_count"=>0}, {"date"=>"2013-12-27", "nit_count"=>0}, {"date"=>"2013-12-28", "nit_count"=>0}, {"date"=>"2013-12-29", "nit_count"=>0}, {"date"=>"2013-12-30", "nit_count"=>0}, {"date"=>"2013-12-31", "nit_count"=>0}]
	"go" => [{"date"=>"2013-12-01", "nit_count"=>0}, {"date"=>"2013-12-02", "nit_count"=>0}, {"date"=>"2013-12-03", "nit_count"=>0}, {"date"=>"2013-12-04", "nit_count"=>0}, {"date"=>"2013-12-05", "nit_count"=>0}, {"date"=>"2013-12-06", "nit_count"=>0}, {"date"=>"2013-12-07", "nit_count"=>0}, {"date"=>"2013-12-08", "nit_count"=>0}, {"date"=>"2013-12-09", "nit_count"=>0}, {"date"=>"2013-12-10", "nit_count"=>0}, {"date"=>"2013-12-11", "nit_count"=>0}, {"date"=>"2013-12-12", "nit_count"=>0}, {"date"=>"2013-12-13", "nit_count"=>0}, {"date"=>"2013-12-14", "nit_count"=>0}, {"date"=>"2013-12-15", "nit_count"=>0}, {"date"=>"2013-12-16", "nit_count"=>0}, {"date"=>"2013-12-17", "nit_count"=>0}, {"date"=>"2013-12-18", "nit_count"=>0}, {"date"=>"2013-12-19", "nit_count"=>0}, {"date"=>"2013-12-20", "nit_count"=>0}, {"date"=>"2013-12-21", "nit_count"=>0}, {"date"=>"2013-12-22", "nit_count"=>0}, {"date"=>"2013-12-23", "nit_count"=>0}, {"date"=>"2013-12-24", "nit_count"=>0}, {"date"=>"2013-12-25", "nit_count"=>0}, {"date"=>"2013-12-26", "nit_count"=>0}, {"date"=>"2013-12-27", "nit_count"=>0}, {"date"=>"2013-12-28", "nit_count"=>0}, {"date"=>"2013-12-29", "nit_count"=>0}, {"date"=>"2013-12-30", "nit_count"=>0}, {"date"=>"2013-12-31", "nit_count"=>0}]
}