{
  "language": "Ruby",
  "track_id": "<id>",
  "slug": "leap",
  "username": "alice",
  "problem_files": {
    "test.rb": "assert true"
  },
  "solution_files": {
    "leap.rb": "CODE"
  }
}
