{
  "error": "Exercise: three (Ruby) has not been unlocked for you yet. You may only submit exercises that you've previously completed, or which are listed as current in your exercism account."
}