{
	"ruby" => {"2013-12-01"=>0, "2013-12-31"=>0}
	"python" => {"2013-12-11"=>0}
}