Hi bob,

alice wants you to join team Test!

Visit http://example.com/account to accept or decline the invitation.

--
If you'd like to stop receiving email notifications, go to http://example.com/bob and delete your email address.

Do you have thoughts? Ideas? Criticism? I'd love to hear from you. Hit reply to send me an email.
